ASxxxx Linker V03.00 + NoICE + sdld,  page 1.
Hexadecimal  [32-Bits]

Area                                    Addr        Size        Decimal Bytes (Attributes)
--------------------------------        ----        ----        ------- ----- ------------
.  .ABS.                            00000000    00000000 =           0. bytes (ABS,CON)

      Value  Global                              Global Defined In Module
      -----  --------------------------------   ------------------------
     FFFFFFFF  s_SSEG                          
     00000000  .__.ABS.                           
     00000000  l_CABS                          
     00000000  l_DABS                          
     00000000  l_DATA                          
     00000000  l__CODE                         
     00000000  s_CABS                          
     00000000  s_DABS                          
     00000000  s__CODE                         
     00000001  l_SSEG                          
     00000001  s_DATA                          
     00000001  s_INITIALIZED                   
     00000003  l_GSFINAL                       
     00000003  l_INITIALIZED                   
     00000003  l_INITIALIZER                   
     00000004  l_CONST                         
     0000001A  l_GSINIT                        
     0000006B  l_HOME                          
     000013CD  l_CODE                          
     00008000  s_HOME                          
     0000806B  s_GSINIT                        
     00008085  s_GSFINAL                       
     00008088  s_CONST                         
     0000808C  s_INITIALIZER                   
     0000808F  s_CODE                          

ASxxxx Linker V03.00 + NoICE + sdld,  page 2.
Hexadecimal  [32-Bits]

Area                                    Addr        Size        Decimal Bytes (Attributes)
--------------------------------        ----        ----        ------- ----- ------------
INITIALIZED                         00000001    00000003 =           3. bytes (REL,CON)

      Value  Global                              Global Defined In Module
      -----  --------------------------------   ------------------------
     00000001  _status                            main
     00000002  _count                             main

ASxxxx Linker V03.00 + NoICE + sdld,  page 3.
Hexadecimal  [32-Bits]

Area                                    Addr        Size        Decimal Bytes (Attributes)
--------------------------------        ----        ----        ------- ----- ------------
HOME                                00008000    0000006B =         107. bytes (REL,CON)

      Value  Global                              Global Defined In Module
      -----  --------------------------------   ------------------------
ASxxxx Linker V03.00 + NoICE + sdld,  page 4.
Hexadecimal  [32-Bits]

Area                                    Addr        Size        Decimal Bytes (Attributes)
--------------------------------        ----        ----        ------- ----- ------------
GSINIT                              0000806B    0000001A =          26. bytes (REL,CON)

      Value  Global                              Global Defined In Module
      -----  --------------------------------   ------------------------
ASxxxx Linker V03.00 + NoICE + sdld,  page 5.
Hexadecimal  [32-Bits]

Area                                    Addr        Size        Decimal Bytes (Attributes)
--------------------------------        ----        ----        ------- ----- ------------
GSFINAL                             00008085    00000003 =           3. bytes (REL,CON)

      Value  Global                              Global Defined In Module
      -----  --------------------------------   ------------------------
ASxxxx Linker V03.00 + NoICE + sdld,  page 6.
Hexadecimal  [32-Bits]

Area                                    Addr        Size        Decimal Bytes (Attributes)
--------------------------------        ----        ----        ------- ----- ------------
CONST                               00008088    00000004 =           4. bytes (REL,CON)

      Value  Global                              Global Defined In Module
      -----  --------------------------------   ------------------------
     00008088  _HSIDivFactor                      stm8s_clk

ASxxxx Linker V03.00 + NoICE + sdld,  page 7.
Hexadecimal  [32-Bits]

Area                                    Addr        Size        Decimal Bytes (Attributes)
--------------------------------        ----        ----        ------- ----- ------------
INITIALIZER                         0000808C    00000003 =           3. bytes (REL,CON)

      Value  Global                              Global Defined In Module
      -----  --------------------------------   ------------------------
ASxxxx Linker V03.00 + NoICE + sdld,  page 8.
Hexadecimal  [32-Bits]

Area                                    Addr        Size        Decimal Bytes (Attributes)
--------------------------------        ----        ----        ------- ----- ------------
CODE                                0000808F    000013CD =        5069. bytes (REL,CON)

      Value  Global                              Global Defined In Module
      -----  --------------------------------   ------------------------
     0000808F  _ADC1_DeInit                       stm8s_adc1
     000080C0  _ADC1_Init                         stm8s_adc1
     000080F2  _ADC1_Cmd                          stm8s_adc1
     0000810A  _ADC1_ScanModeCmd                  stm8s_adc1
     00008122  _ADC1_DataBufferCmd                stm8s_adc1
     0000813A  _ADC1_ITConfig                     stm8s_adc1
     0000815C  _ADC1_PrescalerConfig              stm8s_adc1
     0000816D  _ADC1_SchmittTriggerConfig         stm8s_adc1
     00008200  _ADC1_ConversionConfig             stm8s_adc1
     0000823E  _ADC1_ExternalTriggerConfig        stm8s_adc1
     00008266  _ADC1_StartConversion              stm8s_adc1
     0000826F  _ADC1_GetConversionValue           stm8s_adc1
     000082B7  _ADC1_AWDChannelConfig             stm8s_adc1
     00008319  _ADC1_SetHighThreshold             stm8s_adc1
     00008327  _ADC1_SetLowThreshold              stm8s_adc1
     00008335  _ADC1_GetBufferValue               stm8s_adc1
     0000838A  _ADC1_GetAWDChannelStatus          stm8s_adc1
     000083C6  _ADC1_GetFlagStatus                stm8s_adc1
     0000843A  _ADC1_ClearFlag                    stm8s_adc1
     000084C1  _ADC1_GetITStatus                  stm8s_adc1
     00008520  _ADC1_ClearITPendingBit            stm8s_adc1
     00008588  _CLK_DeInit                        stm8s_clk
     000085C2  _CLK_FastHaltWakeUpCmd             stm8s_clk
     000085DA  _CLK_HSECmd                        stm8s_clk
     000085F2  _CLK_HSICmd                        stm8s_clk
     0000860A  _CLK_LSICmd                        stm8s_clk
     00008622  _CLK_CCOCmd                        stm8s_clk
     0000863A  _CLK_ClockSwitchCmd                stm8s_clk
     00008652  _CLK_SlowActiveHaltWakeUpCmd       stm8s_clk
     0000866A  _CLK_PeripheralClockConfig         stm8s_clk
     000086BE  _CLK_ClockSwitchConfig             stm8s_clk
     000087C1  _CLK_HSIPrescalerConfig            stm8s_clk
     000087D2  _CLK_CCOConfig                     stm8s_clk
     000087EB  _CLK_ITConfig                      stm8s_clk
     00008853  _CLK_SYSCLKConfig                  stm8s_clk
     00008889  _CLK_SWIMConfig                    stm8s_clk
     000088A1  _CLK_ClockSecuritySystemEnable     stm8s_clk
     000088AA  _CLK_GetSYSCLKSource               stm8s_clk
     000088AE  _CLK_GetClockFreq                  stm8s_clk
     0000890E  _CLK_AdjustHSICalibrationValue     stm8s_clk
     00008919  _CLK_SYSCLKEmergencyClear          stm8s_clk
     00008922  _CLK_GetFlagStatus                 stm8s_clk
     00008986  _CLK_GetITStatus                   stm8s_clk
     000089C0  _CLK_ClearITPendingBit             stm8s_clk
     000089E0  _GPIO_DeInit                       stm8s_gpio
     000089F3  _GPIO_Init                         stm8s_gpio
     00008A7A  _GPIO_Write                        stm8s_gpio
     00008A80  _GPIO_WriteHigh                    stm8s_gpio
     00008A87  _GPIO_WriteLow                     stm8s_gpio
     00008A95  _GPIO_WriteReverse                 stm8s_gpio
ASxxxx Linker V03.00 + NoICE + sdld,  page 9.
Hexadecimal  [32-Bits]

Area                                    Addr        Size        Decimal Bytes (Attributes)
--------------------------------        ----        ----        ------- ----- ------------
CODE                                0000808F    000013CD =        5069. bytes (REL,CON)

      Value  Global                              Global Defined In Module
      -----  --------------------------------   ------------------------
     00008A9C  _GPIO_ReadOutputData               stm8s_gpio
     00008AA0  _GPIO_ReadInputData                stm8s_gpio
     00008AA5  _GPIO_ReadInputPin                 stm8s_gpio
     00008AAC  _GPIO_ExternalPullUpConfig         stm8s_gpio
     00008ACC  _SPI_DeInit                        stm8s_spi
     00008AE1  _SPI_Init                          stm8s_spi
     00008B26  _SPI_Cmd                           stm8s_spi
     00008B3E  _SPI_ITConfig                      stm8s_spi
     00008B70  _SPI_SendData                      stm8s_spi
     00008B77  _SPI_ReceiveData                   stm8s_spi
     00008B7B  _SPI_NSSInternalSoftwareCmd        stm8s_spi
     00008B93  _SPI_TransmitCRC                   stm8s_spi
     00008B9C  _SPI_CalculateCRCCmd               stm8s_spi
     00008BB4  _SPI_GetCRC                        stm8s_spi
     00008BC5  _SPI_ResetCRC                      stm8s_spi
     00008BD2  _SPI_GetCRCPolynomial              stm8s_spi
     00008BD6  _SPI_BiDirectionalLineConfig       stm8s_spi
     00008BEE  _SPI_GetFlagStatus                 stm8s_spi
     00008C00  _SPI_ClearFlag                     stm8s_spi
     00008C07  _SPI_GetITStatus                   stm8s_spi
     00008C4D  _SPI_ClearITPendingBit             stm8s_spi
     00008C67  _TIM4_DeInit                       stm8s_tim4
     00008C80  _TIM4_TimeBaseInit                 stm8s_tim4
     00008C8D  _TIM4_Cmd                          stm8s_tim4
     00008CA5  _TIM4_ITConfig                     stm8s_tim4
     00008CC6  _TIM4_UpdateDisableConfig          stm8s_tim4
     00008CDE  _TIM4_UpdateRequestConfig          stm8s_tim4
     00008CF6  _TIM4_SelectOnePulseMode           stm8s_tim4
     00008D0E  _TIM4_PrescalerConfig              stm8s_tim4
     00008D1B  _TIM4_ARRPreloadConfig             stm8s_tim4
     00008D33  _TIM4_GenerateEvent                stm8s_tim4
     00008D3A  _TIM4_SetCounter                   stm8s_tim4
     00008D41  _TIM4_SetAutoreload                stm8s_tim4
     00008D48  _TIM4_GetCounter                   stm8s_tim4
     00008D4C  _TIM4_GetPrescaler                 stm8s_tim4
     00008D50  _TIM4_GetFlagStatus                stm8s_tim4
     00008D62  _TIM4_ClearFlag                    stm8s_tim4
     00008D69  _TIM4_GetITStatus                  stm8s_tim4
     00008D8C  _TIM4_ClearITPendingBit            stm8s_tim4
     00008D93  _ILI9341_setup                     ILI9341
     00008DD5  _ILI9341_Write_Command             ILI9341
     00008E23  _ILI9341_Write_Data                ILI9341
     00008E66  _ILI9341_Init_Display              ILI9341
     0000919B  _main                              main
     0000924A  _delay                             main
     00009274  _clock_setup                       main
     000092F7  _GPIO_setup                        main
     0000938A  _SPI_setup                         main
     000093A9  _TIM4_setup                        main
     000093C3  _TIM4_OVERLOAD                     main
     000093EE  _TRAP_IRQHandler                   stm8s_it
ASxxxx Linker V03.00 + NoICE + sdld,  page 10.
Hexadecimal  [32-Bits]

Area                                    Addr        Size        Decimal Bytes (Attributes)
--------------------------------        ----        ----        ------- ----- ------------
CODE                                0000808F    000013CD =        5069. bytes (REL,CON)

      Value  Global                              Global Defined In Module
      -----  --------------------------------   ------------------------
     000093EF  _TLI_IRQHandler                    stm8s_it
     000093F0  _AWU_IRQHandler                    stm8s_it
     000093F1  _CLK_IRQHandler                    stm8s_it
     000093F2  _EXTI_PORTA_IRQHandler             stm8s_it
     000093F3  _EXTI_PORTB_IRQHandler             stm8s_it
     000093F4  _EXTI_PORTC_IRQHandler             stm8s_it
     000093F5  _EXTI_PORTD_IRQHandler             stm8s_it
     000093F6  _EXTI_PORTE_IRQHandler             stm8s_it
     000093F7  _SPI_IRQHandler                    stm8s_it
     000093F8  _TIM1_UPD_OVF_TRG_BRK_IRQHandler   stm8s_it
     000093F9  _TIM1_CAP_COM_IRQHandler           stm8s_it
     000093FA  _TIM2_UPD_OVF_BRK_IRQHandler       stm8s_it
     000093FB  _TIM2_CAP_COM_IRQHandler           stm8s_it
     000093FC  _UART1_TX_IRQHandler               stm8s_it
     000093FD  _UART1_RX_IRQHandler               stm8s_it
     000093FE  _I2C_IRQHandler                    stm8s_it
     000093FF  _ADC1_IRQHandler                   stm8s_it
     00009400  _TIM4_UPD_OVF_IRQHandler           stm8s_it
     00009401  _EEPROM_EEC_IRQHandler             stm8s_it
     00009402  __divulong                         

ASxxxx Linker V03.00 + NoICE + sdld,  page 11.
Hexadecimal  [32-Bits]

Area                                    Addr        Size        Decimal Bytes (Attributes)
--------------------------------        ----        ----        ------- ----- ------------
SSEG                                FFFFFFFF    00000001 =           1. bytes (REL,CON)

      Value  Global                              Global Defined In Module
      -----  --------------------------------   ------------------------
ASxxxx Linker V03.00 + NoICE + sdld,  page 12.

Files Linked                              [ module(s) ]

build/stm8s_adc1.rel                      [ stm8s_adc1 ]
build/stm8s_clk.rel                       [ stm8s_clk ]
build/stm8s_gpio.rel                      [ stm8s_gpio ]
build/stm8s_spi.rel                       [ stm8s_spi ]
build/stm8s_tim4.rel                      [ stm8s_tim4 ]
build/ILI9341.rel                         [ ILI9341 ]
build/main.rel                            [ main ]
build/stm8s_it.rel                        [ stm8s_it ]


Libraries Linked                          [ object file ]

/usr/local/bin/../share/sdcc/lib/stm8/stm8.lib
                                          [ _divulong.rel ]

ASxxxx Linker V03.00 + NoICE + sdld,  page 13.

User Base Address Definitions

HOME = 0x8000
DATA = 0x0001
SSEG = 0xffffffff

